---
source: crates/cli/tests/run_test.rs
expression: assert.output()
---
▪▪▪▪ npm install
▪▪▪▪ outputStyles:hash
▪▪▪▪ outputStyles:hash (100ms)
▪▪▪▪ outputStyles:hashPrimary (no op)

Tasks: 2 completed
 Time: 100ms

dc715e15715abbc97d70fa12b1091828dcb47a26271da388d3f0958ef14119a6
